// Jest Snapshot v1, https://goo.gl/fbAQLP

exports[`History 快照 1`] = `
<div
  class="FegoEditor-toolbars"
>
  <div
    class="FegoEditor-toolBarBtn "
    title="撤销"
  >
    <svg
      aria-hidden="true"
      class="icon"
      viewBox="0 0 1024 1024"
    >
      <path
        d="M175.09189063 349.32021687c-2.6258475 2.62573969-4.26736125 6.27798375-4.26736126 10.29957657 0.02014687 4.02159374 1.66166156 7.67383687 4.308615 10.29957655l256.33335563 254.10675564c1.33355062 1.33445531 3.4259775 1.80549563 5.27280094 1.04665031 1.86697031-0.80009719 2.97506531-2.58448781 2.97506531-4.47248719L439.71436625 467.04775719c83.28262874 0 295.33731001 1.90814625 295.33731 226.61275687 0 117.6661425-80.98489219 215.82199313-188.64367406 238.53459375 172.96821938-24.18999937 306.76650937-175.36142531 306.76650937-360.26262187 0-343.49990719-356.07142219-346.3722-413.46014625-346.3722L439.71436625 96.66975406c0-1.92829219-1.12824094-3.73474781-2.97506531-4.49359312-1.86697031-0.77995125-3.9392503-0.28684594-5.29390782 1.04665031L175.09189063 349.32021687z"
      />
    </svg>
  </div>
  <div
    class="FegoEditor-toolBarBtn "
    title="重做"
  >
    <svg
      aria-hidden="true"
      class="icon"
      viewBox="0 0 1024 1024"
    >
      <path
        d="M868.75763844 365.09959812L574.95683563 637.91367031l0-167.88617343c-86.25895687 0-293.80080281-12.86967469-293.80080282 209.85771656 0 116.65210969 77.36482687 229.32771562 188.871945 251.83021875C290.8493 907.73745031 155.2414025 758.25447969 155.2414025 574.95635563c0-340.48563094 360.30291469-335.77234594 419.71543313-335.77234594L574.95683563 92.28456687 868.75763844 365.09959812z"
      />
    </svg>
  </div>
</div>
`;

exports[`History 快照 1`] = `
<div
  class="FegoEditor-toolbars"
>
  <div
    class="FegoEditor-toolBarBtn "
    title="撤销"
  >
    <svg
      aria-hidden="true"
      class="icon"
      viewBox="0 0 1024 1024"
    >
      <path
        d="M175.09189063 349.32021687c-2.6258475 2.62573969-4.26736125 6.27798375-4.26736126 10.29957657 0.02014687 4.02159374 1.66166156 7.67383687 4.308615 10.29957655l256.33335563 254.10675564c1.33355062 1.33445531 3.4259775 1.80549563 5.27280094 1.04665031 1.86697031-0.80009719 2.97506531-2.58448781 2.97506531-4.47248719L439.71436625 467.04775719c83.28262874 0 295.33731001 1.90814625 295.33731 226.61275687 0 117.6661425-80.98489219 215.82199313-188.64367406 238.53459375 172.96821938-24.18999937 306.76650937-175.36142531 306.76650937-360.26262187 0-343.49990719-356.07142219-346.3722-413.46014625-346.3722L439.71436625 96.66975406c0-1.92829219-1.12824094-3.73474781-2.97506531-4.49359312-1.86697031-0.77995125-3.9392503-0.28684594-5.29390782 1.04665031L175.09189063 349.32021687z"
      />
    </svg>
  </div>
  <div
    class="FegoEditor-toolBarBtn "
    title="重做"
  >
    <svg
      aria-hidden="true"
      class="icon"
      viewBox="0 0 1024 1024"
    >
      <path
        d="M868.75763844 365.09959812L574.95683563 637.91367031l0-167.88617343c-86.25895687 0-293.80080281-12.86967469-293.80080282 209.85771656 0 116.65210969 77.36482687 229.32771562 188.871945 251.83021875C290.8493 907.73745031 155.2414025 758.25447969 155.2414025 574.95635563c0-340.48563094 360.30291469-335.77234594 419.71543313-335.77234594L574.95683563 92.28456687 868.75763844 365.09959812z"
      />
    </svg>
  </div>
</div>
`;
