// Jest Snapshot v1, https://goo.gl/fbAQLP

exports[`Inline 快照 1`] = `
<div
  class="FegoEditor-toolbars"
>
  <div
    class="FegoEditor-toolBarBtn "
    title="加粗"
  >
    <svg
      aria-hidden="true"
      class="icon"
      viewBox="0 0 1024 1024"
    >
      <path
        d="M524.8 819.2 256 819.2 256 153.6 510.8 153.6C632.133939 157.8873 697.466619 211.477746 706.8 314.372947 704.933325 397.975297 666.667039 449.422126 592 468.714976L592 471.930435C677.867095 489.079635 724.533294 541.598275 732 629.487923 732 755.963274 662.934026 819.2 524.8 819.2L524.8 819.2ZM505.2 520.162319 354 520.162319 354 735.59807 508 735.59807C586.400394 735.59807 625.6 699.156562 625.6 626.272466 619.999974 557.675663 579.867039 522.305971 505.2 520.162319L505.2 520.162319ZM491.2 240.417391 354 240.417391 354 433.344928 491.2 433.344928C564.000364 431.201277 601.333325 397.975201 603.2 333.6657 601.333325 271.49985 564.000364 240.417391 491.2 240.417391L491.2 240.417391Z"
      />
    </svg>
  </div>
  <div
    class="FegoEditor-toolBarBtn "
    title="斜体"
  >
    <svg
      aria-hidden="true"
      class="icon"
      viewBox="0 0 1024 1024"
    >
      <path
        d="M776.209986 181.163059l0 57.898665-88.015589 0-220.039485 539.282367 88.016613 0 0 58.328453-308.056098 0 0-58.328453 88.016613 0 220.039485-539.282367-88.016613 0 0-57.898665L776.209986 181.163059z"
      />
    </svg>
  </div>
  <div
    class="FegoEditor-toolBarBtn "
    title="下划线"
  >
    <svg
      aria-hidden="true"
      class="icon"
      viewBox="0 0 1024 1024"
    >
      <path
        d="M512 725.333c141.227 0 256-114.773 256-256V128H661.333v341.333c0 82.347-66.986 149.334-149.333 149.334S362.667 551.68 362.667 469.333V128H256v341.333c0 141.227 114.773 256 256 256z m-298.667 85.334V896h597.334v-85.333H213.333z"
        fill=""
      />
    </svg>
  </div>
</div>
`;

exports[`Inline 快照 1`] = `
<div
  class="FegoEditor-toolbars"
>
  <div
    class="FegoEditor-toolBarBtn "
    title="加粗"
  >
    <svg
      aria-hidden="true"
      class="icon"
      viewBox="0 0 1024 1024"
    >
      <path
        d="M524.8 819.2 256 819.2 256 153.6 510.8 153.6C632.133939 157.8873 697.466619 211.477746 706.8 314.372947 704.933325 397.975297 666.667039 449.422126 592 468.714976L592 471.930435C677.867095 489.079635 724.533294 541.598275 732 629.487923 732 755.963274 662.934026 819.2 524.8 819.2L524.8 819.2ZM505.2 520.162319 354 520.162319 354 735.59807 508 735.59807C586.400394 735.59807 625.6 699.156562 625.6 626.272466 619.999974 557.675663 579.867039 522.305971 505.2 520.162319L505.2 520.162319ZM491.2 240.417391 354 240.417391 354 433.344928 491.2 433.344928C564.000364 431.201277 601.333325 397.975201 603.2 333.6657 601.333325 271.49985 564.000364 240.417391 491.2 240.417391L491.2 240.417391Z"
      />
    </svg>
  </div>
  <div
    class="FegoEditor-toolBarBtn "
    title="斜体"
  >
    <svg
      aria-hidden="true"
      class="icon"
      viewBox="0 0 1024 1024"
    >
      <path
        d="M776.209986 181.163059l0 57.898665-88.015589 0-220.039485 539.282367 88.016613 0 0 58.328453-308.056098 0 0-58.328453 88.016613 0 220.039485-539.282367-88.016613 0 0-57.898665L776.209986 181.163059z"
      />
    </svg>
  </div>
  <div
    class="FegoEditor-toolBarBtn "
    title="下划线"
  >
    <svg
      aria-hidden="true"
      class="icon"
      viewBox="0 0 1024 1024"
    >
      <path
        d="M512 725.333c141.227 0 256-114.773 256-256V128H661.333v341.333c0 82.347-66.986 149.334-149.333 149.334S362.667 551.68 362.667 469.333V128H256v341.333c0 141.227 114.773 256 256 256z m-298.667 85.334V896h597.334v-85.333H213.333z"
        fill=""
      />
    </svg>
  </div>
</div>
`;
