// Jest Snapshot v1, https://goo.gl/fbAQLP

exports[`Remove 快照 1`] = `
<div
  class="FegoEditor-toolbars"
>
  <div
    class="FegoEditor-toolBarBtn "
  >
    <svg
      aria-hidden="true"
      class="icon"
      viewBox="0 0 1024 1024"
    >
      <path
        d="M863.119893 182.650947l-470.546889 0c-52.05661 0-109.093651 42.177612-127.393435 94.205569L99.758028 747.142461c-18.299785 52.02898 9.06547 94.205569 61.122079 94.205569l470.546889 0c52.057633 0 109.093651-42.177612 127.393435-94.205569l165.42154-470.285946C942.541757 224.828558 915.177526 182.650947 863.119893 182.650947zM663.169955 751.590773l-481.762325 0 84.275405-239.590773 481.762325 0L663.169955 751.590773z"
      />
    </svg>
  </div>
</div>
`;
