// Jest Snapshot v1, https://goo.gl/fbAQLP

exports[`Video 快照 1`] = `
<div
  class="FegoEditor-toolbars"
>
  <div
    class="FegoEditor-toolBarBtn "
    title="插入视频"
  >
    <svg
      aria-hidden="true"
      class="icon"
      viewBox="0 0 1024 1024"
    >
      <path
        d="M512 62a450 450 0 1 0 0 900A450 450 0 0 0 512 62z m-1.09285752 835.71428584C282.5 897.71428584 124.87142832 701.38571416 126.28571416 513.02857168c1.35-187.39285752 182.05714248-385.97142833 384.62142832-384.55714336 209.18571416 1.54285752 385.45714248 188.80714248 384.55714336 384.6214292-0.70714248 182.31428584-155.05714248 371.44285752-384.55714336 384.62142832zM383.42857168 319.14285752l321.4285708 192.85714248-321.4285708 192.85714248V319.14285752z"
      />
    </svg>
  </div>
</div>
`;
