// Jest Snapshot v1, https://goo.gl/fbAQLP

exports[`Image 快照 1`] = `
<div
  class="FegoEditor-toolbars"
>
  <div
    class="FegoEditor-toolBarBtn "
    title="图片"
  >
    <svg
      aria-hidden="true"
      class="icon"
      viewBox="0 0 1024 1024"
    >
      <path
        d="M901.25224719 124.64246844H122.74583469c-49.64058375 0-89.84692406 40.00967344-89.84692407 89.37204562v595.93547625c0 49.35949406 40.20538031 89.40850125 89.84692407 89.40850031h778.5054525c49.60221 0 89.84692406-40.04900719 89.84692406-89.40850031l0.00191906-595.93547625c-0.03837375-49.36045406-40.27829156-89.37204562-89.84788312-89.37204562z m14.96201531 594.10024031l-187.94617219-249.37332563s-10.90876406-20.17128375-49.27219312-20.17128375c-43.52281125 0-56.60546156 19.54770656-56.60546156 19.54770657L457.76988781 721.60348906s-8.95360969 16.94403188-30.91887656 16.94403188c-22.99656844 0-33.97728375-16.94403188-33.97728375-16.94403188L306.30777969 623.13680937s-22.18303969-29.22754406-51.00286031-29.22754406c-28.70949469 0-52.55220937 32.34447-52.55220938 32.34447094l-95.00438719 117.79565437V230.00591187c0-16.42982062 13.41458531-29.81466562 29.96144625-29.81466562h748.58142188c16.54878 0 29.96144625 13.38388594 29.96144531 29.81466563v488.73775593h-0.03837375v-0.00095906z m-449.22886219-325.91023313c0 58.30926656-47.46573844 105.54284156-106.02347625 105.54284157s-106.06280906-47.27003062-106.06281-105.54284157c0-58.23827438 47.50411219-105.51022406 106.06281-105.51022406 58.55773781 0.04029281 106.02347625 47.27386875 106.02347625 105.51022406z"
      />
    </svg>
  </div>
</div>
`;

exports[`Image 快照 1`] = `
<div
  class="FegoEditor-toolbars"
>
  <div
    class="FegoEditor-toolBarBtn "
    title="图片"
  >
    <svg
      aria-hidden="true"
      class="icon"
      viewBox="0 0 1024 1024"
    >
      <path
        d="M901.25224719 124.64246844H122.74583469c-49.64058375 0-89.84692406 40.00967344-89.84692407 89.37204562v595.93547625c0 49.35949406 40.20538031 89.40850125 89.84692407 89.40850031h778.5054525c49.60221 0 89.84692406-40.04900719 89.84692406-89.40850031l0.00191906-595.93547625c-0.03837375-49.36045406-40.27829156-89.37204562-89.84788312-89.37204562z m14.96201531 594.10024031l-187.94617219-249.37332563s-10.90876406-20.17128375-49.27219312-20.17128375c-43.52281125 0-56.60546156 19.54770656-56.60546156 19.54770657L457.76988781 721.60348906s-8.95360969 16.94403188-30.91887656 16.94403188c-22.99656844 0-33.97728375-16.94403188-33.97728375-16.94403188L306.30777969 623.13680937s-22.18303969-29.22754406-51.00286031-29.22754406c-28.70949469 0-52.55220937 32.34447-52.55220938 32.34447094l-95.00438719 117.79565437V230.00591187c0-16.42982062 13.41458531-29.81466562 29.96144625-29.81466562h748.58142188c16.54878 0 29.96144625 13.38388594 29.96144531 29.81466563v488.73775593h-0.03837375v-0.00095906z m-449.22886219-325.91023313c0 58.30926656-47.46573844 105.54284156-106.02347625 105.54284157s-106.06280906-47.27003062-106.06281-105.54284157c0-58.23827438 47.50411219-105.51022406 106.06281-105.51022406 58.55773781 0.04029281 106.02347625 47.27386875 106.02347625 105.51022406z"
      />
    </svg>
  </div>
</div>
`;
