// Jest Snapshot v1, https://goo.gl/fbAQLP

exports[`TextAlign 快照 1`] = `
<div
  class="FegoEditor-toolbars"
>
  <div
    class="FegoEditor-toolBarBtn "
    title="左对齐"
  >
    <svg
      aria-hidden="true"
      class="icon"
      viewBox="0 0 1024 1024"
    >
      <path
        d="M153.6 186.368v65.024h716.8V186.368H153.6z m456.192 195.072H153.6v65.024h456.192V381.44z m-456.192 261.12h716.8v-65.024H153.6v65.024z m0 195.072h456.192v-65.024H153.6v65.024z"
      />
    </svg>
  </div>
  <div
    class="FegoEditor-toolBarBtn "
    title="居中"
  >
    <svg
      aria-hidden="true"
      class="icon"
      viewBox="0 0 1024 1024"
    >
      <path
        d="M128 224C128 206.326888 142.656038 192 160.022227 192L863.977773 192C881.663162 192 896 206.84375 896 224 896 241.673112 881.343962 256 863.977773 256L160.022227 256C142.336838 256 128 241.15625 128 224ZM320 416C320 398.326888 334.584352 384 351.424333 384L672.575667 384C689.930848 384 704 398.84375 704 416 704 433.673112 689.415648 448 672.575667 448L351.424333 448C334.069152 448 320 433.15625 320 416ZM128 608C128 590.326888 142.656038 576 160.022227 576L863.977773 576C881.663162 576 896 590.84375 896 608 896 625.673112 881.343962 640 863.977773 640L160.022227 640C142.336838 640 128 625.15625 128 608ZM320 800C320 782.326886 334.584352 768 351.424333 768L672.575667 768C689.930848 768 704 782.84375 704 800 704 817.673114 689.415648 832 672.575667 832L351.424333 832C334.069152 832 320 817.15625 320 800Z"
      />
    </svg>
  </div>
  <div
    class="FegoEditor-toolBarBtn "
    title="右对齐"
  >
    <svg
      aria-hidden="true"
      class="icon"
      viewBox="0 0 1024 1024"
    >
      <path
        d="M153.6 186.368v65.024h716.8V186.368H153.6z m260.608 260.608H870.4V381.44H414.208v65.536zM153.6 642.56h716.8v-65.024H153.6v65.024z m260.608 195.072H870.4v-65.024H414.208v65.024z"
      />
    </svg>
  </div>
  <div
    class="FegoEditor-toolBarBtn "
    title="两端对齐"
  >
    <svg
      aria-hidden="true"
      class="icon"
      viewBox="0 0 1024 1024"
    >
      <path
        d="M153.6 186.368v65.024h716.8V186.368H153.6z m0 260.608h716.8V381.44H153.6v65.536z m0 195.584h716.8v-65.024H153.6v65.024z m0 195.072h716.8v-65.024H153.6v65.024z"
      />
    </svg>
  </div>
</div>
`;
